[r5] k_b=5.620e+08  emb_um={'liu2020': 1.12, 'zhang18': 2.1, 'zhang19': 1.07}  trim04=18000
[A1 zinc 2D] 364 sims
  [40/364]
  [80/364]
  [120/364]
  [160/364]
  [200/364]
  [240/364]
  [280/364]
  [320/364]
  [360/364]
  [364/364]
[A1] melhor zinc|k=5.623e-14|sc=1.1e-04: {'n_pass': 4, 'mediana': 0.014576179774220658, 'pior_maxerr': 0.07693435281719885}
[A2 dlc+z18+z19 1D] 78 sims
  [40/78]
  [78/78]
[A2] dlc: k=1.000e-15 n_pass=2 med=0.0057 pior_maxerr=0.0125
[A2] z18: k=1.778e-15 n_pass=3 med=0.0147 pior_maxerr=0.0563
[A2] z19: k=1.000e-14 n_pass=1 med=0.0146 pior_maxerr=0.0425
[B final 22] 22 sims
  [22/22]
  PASS liu2020_fig9_zinc_AF0.1mm_P0-18kN: mae=0.0157 maxerr=0.0282
  PASS liu2020_fig9_zinc_AF0.2mm_P0-18kN: mae=0.0074 maxerr=0.0137
  PASS liu2020_fig9_zinc_AF0.3mm_P0-18kN: mae=0.0135 maxerr=0.0295
  PASS liu2020_fig9_zinc_AF0.4mm_P0-18kN: mae=0.0562 maxerr=0.0769
  PASS liu2020_fig5b_zinc_P0-12kN_AF0.2mm: mae=0.0084 maxerr=0.0243
  PASS liu2020_fig5b_zinc_P0-18kN_AF0.2mm: mae=0.0066 maxerr=0.0205
  PASS liu2020_fig5b_zinc_P0-24kN_AF0.2mm: mae=0.0062 maxerr=0.0135
  PASS liu2020_fig15_DLC_P0-18kN_AF0.2mm: mae=0.0059 maxerr=0.0125
  PASS liu2020_fig15_DLC_P0-19.28kN_AF0.2mm: mae=0.0055 maxerr=0.012
  PASS zhang18_fig13_14kN_preload_vs_cycles: mae=0.0174 maxerr=0.0563
  PASS zhang18_fig13_20kN_preload_vs_cycles: mae=0.0147 maxerr=0.0265
  PASS zhang18_fig13_26kN_preload_vs_cycles: mae=0.009 maxerr=0.0211
  PASS zhang18_fig2_test1_20kN_1e3cyc_preload_vs_cycles: mae=0.016 maxerr=0.0254
  PASS zhang18_fig2_test2_20kN_1e4cyc_preload_vs_cycles: mae=0.013 maxerr=0.0419
  PASS zhang18_fig2_test3_20kN_1e5cyc_preload_vs_cycles: mae=0.0176 maxerr=0.0433
  PASS zhang18_fig2_test4_20kN_5e5cyc_preload_vs_cycles: mae=0.0158 maxerr=0.0425
  PASS zhang18_fig16_with_locker_preload_vs_cycles: mae=0.0081 maxerr=0.0177
  PASS zhang18_fig16_without_locker_preload_vs_cycles: mae=0.016 maxerr=0.0407
  PASS zhang19_fig4_1e3cyc_Test1to3_preload_vs_cycles: mae=0.0024 maxerr=0.0042
  PASS zhang19_fig4_1e4cyc_Test4to6_preload_vs_cycles: mae=0.0163 maxerr=0.0225
  PASS zhang19_fig4_1e5cyc_Test7to9_preload_vs_cycles: mae=0.0181 maxerr=0.0417
  PASS zhang19_fig4_2e5cyc_Test10to12_preload_vs_cycles: mae=0.0146 maxerr=0.0425
[r5] PASS-G4b-v2  (2846s) -> C:\basl1v2\New_Theory\f4_r5_panel_result.json
