==============================================================================
Liu2022 (Structures) M12 dry-release per-rig LEVEL probe  (READ-ONLY)
==============================================================================
Geometry  M12x1.75 grip 50.0mm: k_b=337.2 MN/m  d_2=10.86mm  r_bearing=9.0mm  A_contact=117.6 mm^2
mu (dry, derived from T=80Nm & F0=20.6kN via Motosh) = 0.236
slip onset factor=0.46  F_slip=2237 N  k_tr=1.20 GN/m  -> slip_amp=298.1 um (of delta=300 um: GROSS)
per-cycle wear frac-loss (k_wear=1, D=0, conf off) = 1.709e-04/cyc -> 0.57 over 5000 cyc (F_0-independent)
contact pressure p=175 MPa  p/p_ref=0.35  (conform gate ACTIVE: W_conf_ref=7671, n=2.0) -> partially damps wear

DATA (dry fig6a, R_F normalized to FIRST-tightening F0):
  per-phase START  t0..t3 = [1.0, 0.918, 0.832, 0.793]  (declining recovery = missing galling term, §4.10 G4)
  per-phase FINAL  t0..t3 = [0.86, 0.855, 0.77, 0.724]  (target: NOT ->0; cumulative 14-27% below first-tighten)
  within-phase LOSS t0..t3 = [0.14, 0.069, 0.075, 0.087]  (shape target; t0 biggest = embedding)

SWEEP (k_emb_renew=0; conformation ON from frozen consts; W_ref=1e4 default)
------------------------------------------------------------------------------
emb                        k_wear         dmg | loss t0..t3                  med MAE final t0..t3               collapse
------------------------------------------------------------------------------------------------------------------------
Rz<4/n1 (3.5um handbook)     0.05         off | [0.125, 0.031, 0.024, 0.019]   0.038 [0.875, 0.969, 0.976, 0.981]       ok
Rz<4/n1 (3.5um handbook)     0.05        mild | [0.126, 0.034, 0.027, 0.023]   0.036 [0.874, 0.966, 0.973, 0.977]       ok
Rz<4/n1 (3.5um handbook)     0.05 frozen(2/4) | [0.14, 0.066, 0.065, 0.062]    0.021 [0.86, 0.934, 0.935, 0.938]       ok
Rz<4/n1 (3.5um handbook)     0.10         off | [0.157, 0.059, 0.045, 0.037]   0.026 [0.843, 0.941, 0.955, 0.963]       ok
Rz<4/n1 (3.5um handbook)     0.10        mild | [0.161, 0.068, 0.057, 0.05]    0.022 [0.839, 0.932, 0.943, 0.95]       ok
Rz<4/n1 (3.5um handbook)     0.10 frozen(2/4) | [0.208, 0.168, 0.167, 0.157]   0.030 [0.792, 0.832, 0.833, 0.843]       ok
Rz<4/n1 (3.5um handbook)     0.20         off | [0.218, 0.113, 0.09, 0.074]    0.022 [0.782, 0.887, 0.91, 0.926]       ok
Rz<4/n1 (3.5um handbook)     0.20        mild | [0.231, 0.145, 0.13, 0.117]    0.025 [0.769, 0.855, 0.87, 0.883]       ok
Rz<4/n1 (3.5um handbook)     0.20 frozen(2/4) | [0.369, 0.392, 0.386, 0.359]   0.136 [0.631, 0.608, 0.614, 0.641]       ok
Rz<4/n1 (3.5um handbook)     0.30         off | [0.276, 0.167, 0.135, 0.113]   0.030 [0.724, 0.833, 0.865, 0.887]       ok
Rz<4/n1 (3.5um handbook)     0.30        mild | [0.302, 0.229, 0.212, 0.194]   0.057 [0.698, 0.771, 0.788, 0.806]       ok
Rz<4/n1 (3.5um handbook)     0.30 frozen(2/4) | [0.526, 0.582, 0.573, 0.542]   0.235 [0.474, 0.418, 0.427, 0.458] COLLAPSE
Rz<4/n1 (3.5um handbook)     0.44         off | [0.351, 0.24, 0.199, 0.169]    0.058 [0.649, 0.76, 0.801, 0.831]       ok
Rz<4/n1 (3.5um handbook)     0.44        mild | [0.397, 0.347, 0.33, 0.306]    0.109 [0.603, 0.653, 0.67, 0.694]       ok
Rz<4/n1 (3.5um handbook)     0.44 frozen(2/4) | [0.701, 0.766, 0.758, 0.734]   0.352 [0.299, 0.234, 0.242, 0.266] COLLAPSE
Rz<4/n1 (3.5um handbook)     1.00         off | [0.589, 0.496, 0.445, 0.4]     0.181 [0.411, 0.504, 0.555, 0.6] COLLAPSE
Rz<4/n1 (3.5um handbook)     1.00        mild | [0.696, 0.712, 0.707, 0.686]   0.316 [0.304, 0.288, 0.293, 0.314] COLLAPSE
Rz<4/n1 (3.5um handbook)     1.00 frozen(2/4) | [0.971, 0.988, 0.987, 0.984]   0.592 [0.029, 0.012, 0.013, 0.016] COLLAPSE
Rz<4/n2 (4.0um handbook)     0.05         off | [0.133, 0.032, 0.024, 0.019]   0.037 [0.867, 0.968, 0.976, 0.981]       ok
Rz<4/n2 (4.0um handbook)     0.05        mild | [0.134, 0.034, 0.027, 0.023]   0.036 [0.866, 0.966, 0.973, 0.977]       ok
Rz<4/n2 (4.0um handbook)     0.05 frozen(2/4) | [0.148, 0.066, 0.065, 0.062]   0.021 [0.852, 0.934, 0.935, 0.938]       ok
Rz<4/n2 (4.0um handbook)     0.10         off | [0.165, 0.059, 0.045, 0.037]   0.026 [0.835, 0.941, 0.955, 0.963]       ok
Rz<4/n2 (4.0um handbook)     0.10        mild | [0.169, 0.068, 0.058, 0.05]    0.022 [0.831, 0.932, 0.942, 0.95]       ok
Rz<4/n2 (4.0um handbook)     0.10 frozen(2/4) | [0.215, 0.168, 0.168, 0.157]   0.030 [0.785, 0.832, 0.832, 0.843]       ok
Rz<4/n2 (4.0um handbook)     0.20         off | [0.226, 0.114, 0.09, 0.074]    0.022 [0.774, 0.886, 0.91, 0.926]       ok
Rz<4/n2 (4.0um handbook)     0.20        mild | [0.238, 0.146, 0.13, 0.118]    0.025 [0.762, 0.854, 0.87, 0.882]       ok
Rz<4/n2 (4.0um handbook)     0.20 frozen(2/4) | [0.375, 0.393, 0.386, 0.36]    0.136 [0.625, 0.607, 0.614, 0.64]       ok
Rz<4/n2 (4.0um handbook)     0.30         off | [0.283, 0.168, 0.135, 0.113]   0.031 [0.717, 0.832, 0.865, 0.887]       ok
Rz<4/n2 (4.0um handbook)     0.30        mild | [0.308, 0.229, 0.212, 0.194]   0.058 [0.692, 0.771, 0.788, 0.806]       ok
Rz<4/n2 (4.0um handbook)     0.30 frozen(2/4) | [0.53, 0.583, 0.574, 0.543]    0.236 [0.47, 0.417, 0.426, 0.457] COLLAPSE
Rz<4/n2 (4.0um handbook)     0.44         off | [0.357, 0.241, 0.2, 0.169]     0.058 [0.643, 0.759, 0.8, 0.831]       ok
Rz<4/n2 (4.0um handbook)     0.44        mild | [0.402, 0.347, 0.33, 0.307]    0.111 [0.598, 0.653, 0.67, 0.693]       ok
Rz<4/n2 (4.0um handbook)     0.44 frozen(2/4) | [0.703, 0.767, 0.759, 0.735]   0.353 [0.297, 0.233, 0.241, 0.265] COLLAPSE
Rz<4/n2 (4.0um handbook)     1.00         off | [0.593, 0.497, 0.446, 0.401]   0.181 [0.407, 0.503, 0.554, 0.599] COLLAPSE
Rz<4/n2 (4.0um handbook)     1.00        mild | [0.699, 0.712, 0.708, 0.687]   0.316 [0.301, 0.288, 0.292, 0.313] COLLAPSE
Rz<4/n2 (4.0um handbook)     1.00 frozen(2/4) | [0.971, 0.988, 0.987, 0.984]   0.592 [0.029, 0.012, 0.013, 0.016] COLLAPSE
Rz<10/n2 (11um, §4.10 cur)   0.05         off | [0.242, 0.034, 0.025, 0.02]    0.042 [0.758, 0.966, 0.975, 0.98]       ok
Rz<10/n2 (11um, §4.10 cur)   0.05        mild | [0.243, 0.036, 0.028, 0.024]   0.041 [0.757, 0.964, 0.972, 0.976]       ok
Rz<10/n2 (11um, §4.10 cur)   0.05 frozen(2/4) | [0.254, 0.068, 0.067, 0.064]   0.024 [0.746, 0.932, 0.933, 0.936]       ok
Rz<10/n2 (11um, §4.10 cur)   0.10         off | [0.271, 0.063, 0.048, 0.039]   0.031 [0.729, 0.937, 0.952, 0.961]       ok
Rz<10/n2 (11um, §4.10 cur)   0.10        mild | [0.274, 0.072, 0.06, 0.052]    0.026 [0.726, 0.928, 0.94, 0.948]       ok
Rz<10/n2 (11um, §4.10 cur)   0.10 frozen(2/4) | [0.312, 0.172, 0.173, 0.163]   0.037 [0.688, 0.828, 0.827, 0.837]       ok
Rz<10/n2 (11um, §4.10 cur)   0.20         off | [0.326, 0.12, 0.094, 0.077]    0.022 [0.674, 0.88, 0.906, 0.923]       ok
Rz<10/n2 (11um, §4.10 cur)   0.20        mild | [0.336, 0.152, 0.135, 0.122]   0.027 [0.664, 0.848, 0.865, 0.878]       ok
Rz<10/n2 (11um, §4.10 cur)   0.20 frozen(2/4) | [0.45, 0.4, 0.398, 0.372]      0.143 [0.55, 0.6, 0.602, 0.628]        ok
Rz<10/n2 (11um, §4.10 cur)   0.30         off | [0.378, 0.177, 0.142, 0.118]   0.034 [0.622, 0.823, 0.858, 0.882]       ok
Rz<10/n2 (11um, §4.10 cur)   0.30        mild | [0.398, 0.237, 0.219, 0.2]     0.061 [0.602, 0.763, 0.781, 0.8]       ok
Rz<10/n2 (11um, §4.10 cur)   0.30 frozen(2/4) | [0.585, 0.59, 0.586, 0.557]    0.241 [0.415, 0.41, 0.414, 0.443] COLLAPSE
Rz<10/n2 (11um, §4.10 cur)   0.44         off | [0.444, 0.253, 0.209, 0.176]   0.063 [0.556, 0.747, 0.791, 0.824]       ok
Rz<10/n2 (11um, §4.10 cur)   0.44        mild | [0.481, 0.356, 0.34, 0.316]    0.116 [0.519, 0.644, 0.66, 0.684]       ok
Rz<10/n2 (11um, §4.10 cur)   0.44 frozen(2/4) | [0.736, 0.772, 0.769, 0.746]   0.357 [0.264, 0.228, 0.231, 0.254] COLLAPSE
Rz<10/n2 (11um, §4.10 cur)   1.00         off | [0.654, 0.51, 0.458, 0.411]    0.188 [0.346, 0.49, 0.542, 0.589] COLLAPSE
Rz<10/n2 (11um, §4.10 cur)   1.00        mild | [0.739, 0.717, 0.716, 0.696]   0.329 [0.261, 0.283, 0.284, 0.304] COLLAPSE
Rz<10/n2 (11um, §4.10 cur)   1.00 frozen(2/4) | [0.974, 0.988, 0.988, 0.985]   0.594 [0.026, 0.012, 0.012, 0.015] COLLAPSE

>>> §4.10 COLLAPSE reproduced (Rz<10 11um / k_wear=1.0 / frozen 2/4): loss=[0.974, 0.988, 0.988, 0.985] finals=[0.026, 0.012, 0.012, 0.015]  (§4.10 table: [0.974,0.988,0.988,0.985]).

BEST NON-COLLAPSE combo per damage class (min |t0-loss - data| + med shape-MAE):
  off         : emb=Rz<4/n1 (3.5um handbook)   k_wear=0.1   loss=[0.157, 0.059, 0.045, 0.037] final=[0.843, 0.941, 0.955, 0.963] medMAE=0.026
  mild        : emb=Rz<4/n2 (4.0um handbook)   k_wear=0.05  loss=[0.134, 0.034, 0.027, 0.023] final=[0.866, 0.966, 0.973, 0.977] medMAE=0.036
  frozen(2/4) : emb=Rz<4/n1 (3.5um handbook)   k_wear=0.05  loss=[0.14, 0.066, 0.065, 0.062] final=[0.86, 0.934, 0.935, 0.938] medMAE=0.021

>>> BEST NON-COLLAPSE combo (min |t0-loss - data| + median shape-MAE):
    emb = Rz<4/n1 (3.5um handbook)  (3.5 um)
    k_wear_scale_tr = 0.05   damage = frozen(2/4)

    phase   sim loss  data loss  sim final  data final  shape MAE
    t0         0.140      0.140      0.860       0.860      0.010
    t1         0.066      0.069      0.934       0.855      0.024
    t2         0.065      0.075      0.935       0.770      0.018
    t3         0.062      0.087      0.938       0.724      0.026
    median shape-MAE = 0.021   sim per-phase START = [1.0, 1.0, 1.0, 1.0]

    NOTE on the per-phase FINAL offset: sim retightens to ~1.0 each
    phase (k_dmg_mu=0 -> flat recovery, §4.10 G4), while DATA recovery
    DECLINES (0.918->0.832->0.793). So sim finals sit HIGH vs data for
    t1..t3 by exactly the missing-galling gap. The WITHIN-PHASE decay
    (loss + shape MAE) is the recovery-offset-free comparison, and it is
    what this baseline must get right to let galling be tested cleanly.

